[jevelin.shufflehound.com/hello/index.html]
[backblue.gif]
[fade.gif]
[index.html]
[jevelin.shufflehound.com/hello/wp-content/plugins/shufflehound-showcase-framework/style5560.css]
[jevelin.shufflehound.com/hello/wp-includes/css/dist/block-library/style.min5560.css]
[jevelin.shufflehound.com/hello/feed/index.html]
[jevelin.shufflehound.com/hello/comments/feed/index.html]
[jevelin.shufflehound.com/hello/wp-content/plugins/revslider/public/assets/css/settings6281.css]
[jevelin.shufflehound.com/hello/wp-content/plugins/woocommerce/assets/css/woocommerce-layoute248.css]
[jevelin.shufflehound.com/hello/wp-content/plugins/woocommerce/assets/css/woocommerce-smallscreene248.css]
[jevelin.shufflehound.com/hello/wp-content/plugins/woocommerce/assets/css/woocommercee248.css]
[jevelin.shufflehound.com/hello/wp-content/plugins/unyson/framework/extensions/builder/static/css/frontend-grida09d.css]
[jevelin.shufflehound.com/hello/wp-content/plugins/unyson/framework/extensions/forms/static/css/frontend87b5.css]
[jevelin.shufflehound.com/hello/wp-content/plugins/js_composer/assets/lib/bower/font-awesome/css/font-awesome.mine23c.css]
[jevelin.shufflehound.com/hello/wp-content/plugins/js_composer/assets/css/js_composer.mine23c.css]
[jevelin.shufflehound.com/hello/wp-content/themes/jevelin/css/plugins/bootstrap.min7984.css]
[jevelin.shufflehound.com/hello/wp-content/themes/jevelin/css/plugins5560.css]
[jevelin.shufflehound.com/hello/wp-content/themes/jevelin/css/shortcodes5560.css]
[jevelin.shufflehound.com/hello/wp-content/themes/jevelin/style5560.css]
[jevelin.shufflehound.com/hello/wp-content/themes/jevelin/css/responsive5560.css]
[jevelin.shufflehound.com/hello/wp-content/themes/jevelin/css/ie5560.css]
[jevelin.shufflehound.com/hello/wp-includes/js/jquery/jqueryb8ff.js]
[jevelin.shufflehound.com/hello/wp-includes/js/jquery/jquery-migrate.min330a.js]
[jevelin.shufflehound.com/hello/wp-content/plugins/revslider/public/assets/js/jquery.themepunch.tools.min6281.js]
[jevelin.shufflehound.com/hello/wp-content/plugins/revslider/public/assets/js/jquery.themepunch.revolution.min6281.js]
[jevelin.shufflehound.com/hello/wp-content/plugins/woocommerce/assets/js/jquery-blockui/jquery.blockUI.min44fd.js]
[jevelin.shufflehound.com/hello/wp-content/plugins/woocommerce/assets/js/frontend/add-to-cart.mine248.js]
[jevelin.shufflehound.com/hello/wp-content/plugins/js_composer/assets/js/vendors/woocommerce-add-to-carte23c.js]
[jevelin.shufflehound.com/hello/wp-content/themes/jevelin/js/plugins5560.js]
[jevelin.shufflehound.com/hello/wp-content/themes/jevelin/js/scripts5560.js]
[jevelin.shufflehound.com/hello/wp-includes/wlwmanifest.xml]
[jevelin.shufflehound.com/hello/wp-json/index.html]
[jevelin.shufflehound.com/hello/wp-json/oembed/1.0/embed0b92.json]
[jevelin.shufflehound.com/hello/wp-json/oembed/1.0/embedf5fd]
[jevelin.shufflehound.com/hello/wp-content/uploads/sites/22/2016/05/Je_Logo_black_big.png]
[jevelin.shufflehound.com/hello/wp-content/uploads/sites/22/2016/05/Je_Logo_white_big.png]
[jevelin.shufflehound.com/hello/wp-content/uploads/sites/22/2018/07/Demos_1.png]
[jevelin.shufflehound.com/hello/wp-content/uploads/sites/22/2018/07/Main_demo_shadow.png]
[jevelin.shufflehound.com/hello/wp-content/uploads/sites/22/2018/07/Main_demo.png]
[jevelin.shufflehound.com/hello/wp-content/uploads/sites/22/2018/07/one_click.png]
[jevelin.shufflehound.com/hello/wp-content/uploads/sites/22/2018/07/Shadow_one_click.png]
[jevelin.shufflehound.com/hello/wp-content/uploads/sites/22/2018/07/Je_icon.png]
[jevelin.shufflehound.com/hello/wp-content/uploads/sites/22/2018/07/S_rev.png]
[jevelin.shufflehound.com/hello/wp-content/uploads/sites/22/2018/07/Shadow_Woo_rew.png]
[jevelin.shufflehound.com/hello/wp-content/uploads/sites/22/2018/07/Woo.png]
[jevelin.shufflehound.com/hello/wp-content/uploads/sites/22/2018/07/Button_icon.png]
[jevelin.shufflehound.com/hello/wp-content/plugins/woocommerce/assets/js/js-cookie/js.cookie.min6b25.js]
[jevelin.shufflehound.com/hello/wp-content/plugins/woocommerce/assets/js/frontend/woocommerce.mine248.js]
[jevelin.shufflehound.com/hello/wp-content/plugins/woocommerce/assets/js/frontend/cart-fragments.mine248.js]
[jevelin.shufflehound.com/hello/wp-includes/js/jquery/ui/effect.mine899.js]
[jevelin.shufflehound.com/hello/wp-content/themes/jevelin/js/plugins/bootstrap.min7984.js]
[jevelin.shufflehound.com/hello/wp-includes/js/wp-embed.min5560.js]
[jevelin.shufflehound.com/hello/wp-content/plugins/js_composer/assets/js/dist/js_composer_front.mine23c.js]
[jevelin.shufflehound.com/hello/index.html]
[jevelin.shufflehound.com/hello/wp-includes/js/comment-reply.min5560.js]
[jevelin.shufflehound.com/hello/wp-content/plugins/shufflehound-showcase-framework/jevelin_home1.jpg]
[jevelin.shufflehound.com/hello/wp-content/plugins/shufflehound-showcase-framework/jevelin_home2.png]
[jevelin.shufflehound.com/hello/wp-content/plugins/shufflehound-showcase-framework/jevelin_home3.png]
[jevelin.shufflehound.com/hello/wp-content/plugins/shufflehound-showcase-framework/jevelin_home4.png]
[jevelin.shufflehound.com/hello/wp-content/plugins/shufflehound-showcase-framework/jevelin_home5.png]
[jevelin.shufflehound.com/hello/wp-content/plugins/shufflehound-showcase-framework/jevelin_home6.png]
[jevelin.shufflehound.com/hello/wp-content/plugins/shufflehound-showcase-framework/jevelin_home7.png]
[jevelin.shufflehound.com/hello/wp-content/plugins/shufflehound-showcase-framework/jevelin_home8.png]
[jevelin.shufflehound.com/hello/wp-content/plugins/shufflehound-showcase-framework/style5560.css]
[jevelin.shufflehound.com/hello/wp-includes/css/dist/block-library/style.min5560.css]
[jevelin.shufflehound.com/hello/wp-content/plugins/revslider/public/assets/fonts/revicons/revicons90c6.eot]
[jevelin.shufflehound.com/hello/wp-content/plugins/revslider/public/assets/fonts/revicons/revicons90c6.woff]
[jevelin.shufflehound.com/hello/wp-content/plugins/revslider/public/assets/fonts/revicons/revicons90c6.ttf]
[jevelin.shufflehound.com/hello/wp-content/plugins/revslider/public/assets/fonts/revicons/revicons90c6.svg]
[jevelin.shufflehound.com/hello/wp-content/plugins/revslider/public/assets/css/openhand.ico]
[jevelin.shufflehound.com/hello/wp-content/plugins/revslider/public/assets/css/closedhand.ico]
[jevelin.shufflehound.com/hello/wp-content/plugins/revslider/public/assets/assets/gridtile.png]
[jevelin.shufflehound.com/hello/wp-content/plugins/revslider/public/assets/assets/gridtile_white.png]
[jevelin.shufflehound.com/hello/wp-content/plugins/revslider/public/assets/assets/gridtile_3x3.png]
[jevelin.shufflehound.com/hello/wp-content/plugins/revslider/public/assets/assets/gridtile_3x3_white.png]
[jevelin.shufflehound.com/hello/wp-content/plugins/revslider/public/assets/assets/coloredbg.png]
[jevelin.shufflehound.com/hello/wp-content/plugins/revslider/public/assets/assets/loader.gif]
[jevelin.shufflehound.com/hello/wp-content/plugins/revslider/public/assets/css/settings6281.css]
[jevelin.shufflehound.com/hello/wp-content/plugins/woocommerce/assets/css/woocommerce-layoute248.css]
[jevelin.shufflehound.com/hello/wp-content/plugins/woocommerce/assets/css/woocommerce-smallscreene248.css]
[jevelin.shufflehound.com/hello/wp-content/plugins/woocommerce/assets/fonts/star.eot]
[jevelin.shufflehound.com/hello/wp-content/plugins/woocommerce/assets/fonts/stard41d.eot]
[jevelin.shufflehound.com/hello/wp-content/plugins/woocommerce/assets/fonts/star.woff]
[jevelin.shufflehound.com/hello/wp-content/plugins/woocommerce/assets/fonts/star.ttf]
[jevelin.shufflehound.com/hello/wp-content/plugins/woocommerce/assets/fonts/star.svg]
[jevelin.shufflehound.com/hello/wp-content/plugins/woocommerce/assets/fonts/WooCommerce.eot]
[jevelin.shufflehound.com/hello/wp-content/plugins/woocommerce/assets/fonts/WooCommerced41d.eot]
[jevelin.shufflehound.com/hello/wp-content/plugins/woocommerce/assets/fonts/WooCommerce.woff]
[jevelin.shufflehound.com/hello/wp-content/plugins/woocommerce/assets/fonts/WooCommerce.ttf]
[jevelin.shufflehound.com/hello/wp-content/plugins/woocommerce/assets/fonts/WooCommerce.svg]
[jevelin.shufflehound.com/hello/wp-content/plugins/woocommerce/assets/images/icons/loader.svg]
[jevelin.shufflehound.com/hello/wp-content/plugins/woocommerce/assets/images/icons/credit-cards/visa.svg]
[jevelin.shufflehound.com/hello/wp-content/plugins/woocommerce/assets/images/icons/credit-cards/mastercard.svg]
[jevelin.shufflehound.com/hello/wp-content/plugins/woocommerce/assets/images/icons/credit-cards/laser.svg]
[jevelin.shufflehound.com/hello/wp-content/plugins/woocommerce/assets/images/icons/credit-cards/diners.svg]
[jevelin.shufflehound.com/hello/wp-content/plugins/woocommerce/assets/images/icons/credit-cards/maestro.svg]
[jevelin.shufflehound.com/hello/wp-content/plugins/woocommerce/assets/images/icons/credit-cards/jcb.svg]
[jevelin.shufflehound.com/hello/wp-content/plugins/woocommerce/assets/images/icons/credit-cards/amex.svg]
[jevelin.shufflehound.com/hello/wp-content/plugins/woocommerce/assets/images/icons/credit-cards/discover.svg]
[jevelin.shufflehound.com/hello/wp-content/plugins/woocommerce/assets/css/woocommercee248.css]
[jevelin.shufflehound.com/hello/wp-content/plugins/unyson/framework/extensions/builder/static/css/frontend-grida09d.css]
[jevelin.shufflehound.com/hello/wp-content/plugins/unyson/framework/extensions/forms/static/css/frontend87b5.css]
[jevelin.shufflehound.com/hello/wp-content/plugins/js_composer/assets/lib/bower/font-awesome/fonts/fontawesome-webfont3e6e.eot]
[jevelin.shufflehound.com/hello/wp-content/plugins/js_composer/assets/lib/bower/font-awesome/fonts/fontawesome-webfontd41d.eot]
[jevelin.shufflehound.com/hello/wp-content/plugins/js_composer/assets/lib/bower/font-awesome/fonts/fontawesome-webfont3e6e.woff2]
[jevelin.shufflehound.com/hello/wp-content/plugins/js_composer/assets/lib/bower/font-awesome/fonts/fontawesome-webfont3e6e.woff]
[jevelin.shufflehound.com/hello/wp-content/plugins/js_composer/assets/lib/bower/font-awesome/css/font-awesome.mine23c.css]
[jevelin.shufflehound.com/hello/wp-content/plugins/js_composer/assets/lib/bower/font-awesome/fonts/fontawesome-webfont3e6e.ttf]
[jevelin.shufflehound.com/hello/wp-content/plugins/js_composer/assets/lib/bower/font-awesome/fonts/fontawesome-webfont3e6e.svg]
[jevelin.shufflehound.com/hello/wp-content/plugins/js_composer/assets/vc/alert.png]
[jevelin.shufflehound.com/hello/wp-content/plugins/js_composer/assets/vc/info.png]
[jevelin.shufflehound.com/hello/wp-content/plugins/js_composer/assets/vc/tick.png]
[jevelin.shufflehound.com/hello/wp-content/plugins/js_composer/assets/vc/exclamation.png]
[jevelin.shufflehound.com/hello/wp-content/plugins/js_composer/assets/images/icons/address-book.png]
[jevelin.shufflehound.com/hello/wp-content/plugins/js_composer/assets/images/icons/alarm-clock.png]
[jevelin.shufflehound.com/hello/wp-content/plugins/js_composer/assets/images/icons/anchor.png]
[jevelin.shufflehound.com/hello/wp-content/plugins/js_composer/assets/images/icons/application-image.png]
[jevelin.shufflehound.com/hello/wp-content/plugins/js_composer/assets/images/icons/arrow.png]
[jevelin.shufflehound.com/hello/wp-content/plugins/js_composer/assets/images/icons/asterisk.png]
[jevelin.shufflehound.com/hello/wp-content/plugins/js_composer/assets/images/icons/auction-hammer.png]
[jevelin.shufflehound.com/hello/wp-content/plugins/js_composer/assets/images/icons/balloon.png]
[jevelin.shufflehound.com/hello/wp-content/plugins/js_composer/assets/images/icons/balloon-buzz.png]
[jevelin.shufflehound.com/hello/wp-content/plugins/js_composer/assets/images/icons/balloon-facebook.png]
[jevelin.shufflehound.com/hello/wp-content/plugins/js_composer/assets/images/icons/balloon-twitter.png]
[jevelin.shufflehound.com/hello/wp-content/plugins/js_composer/assets/images/icons/battery-full.png]
[jevelin.shufflehound.com/hello/wp-content/plugins/js_composer/assets/images/icons/binocular.png]
[jevelin.shufflehound.com/hello/wp-content/plugins/js_composer/assets/images/icons/blue-document-excel.png]
[jevelin.shufflehound.com/hello/wp-content/plugins/js_composer/assets/images/icons/blue-document-image.png]
[jevelin.shufflehound.com/hello/wp-content/plugins/js_composer/assets/images/icons/blue-document-music.png]
[jevelin.shufflehound.com/hello/wp-content/plugins/js_composer/assets/images/icons/blue-document-office.png]
[jevelin.shufflehound.com/hello/wp-content/plugins/js_composer/assets/images/icons/blue-document-pdf.png]
[jevelin.shufflehound.com/hello/wp-content/plugins/js_composer/assets/images/icons/blue-document-powerpoint.png]
[jevelin.shufflehound.com/hello/wp-content/plugins/js_composer/assets/images/icons/blue-document-word.png]
[jevelin.shufflehound.com/hello/wp-content/plugins/js_composer/assets/images/icons/bookmark.png]
[jevelin.shufflehound.com/hello/wp-content/plugins/js_composer/assets/images/icons/camcorder.png]
[jevelin.shufflehound.com/hello/wp-content/plugins/js_composer/assets/images/icons/camera.png]
[jevelin.shufflehound.com/hello/wp-content/plugins/js_composer/assets/images/icons/chart.png]
[jevelin.shufflehound.com/hello/wp-content/plugins/js_composer/assets/images/icons/chart-pie.png]
[jevelin.shufflehound.com/hello/wp-content/plugins/js_composer/assets/images/icons/clock.png]
[jevelin.shufflehound.com/hello/wp-content/plugins/js_composer/assets/images/icons/control.png]
[jevelin.shufflehound.com/hello/wp-content/plugins/js_composer/assets/images/icons/fire.png]
[jevelin.shufflehound.com/hello/wp-content/plugins/js_composer/assets/images/icons/heart.png]
[jevelin.shufflehound.com/hello/wp-content/plugins/js_composer/assets/images/icons/mail.png]
[jevelin.shufflehound.com/hello/wp-content/plugins/js_composer/assets/images/icons/plus-shield.png]
[jevelin.shufflehound.com/hello/wp-content/plugins/js_composer/assets/images/icons/video.png]
[jevelin.shufflehound.com/hello/wp-content/plugins/js_composer/assets/fonts/vc_icons_v2/fonts/vcpb-plugin-iconsb82a.eot]
[jevelin.shufflehound.com/hello/wp-content/plugins/js_composer/assets/fonts/vc_icons_v2/fonts/vcpb-plugin-iconsb82a.ttf]
[jevelin.shufflehound.com/hello/wp-content/plugins/js_composer/assets/fonts/vc_icons_v2/fonts/vcpb-plugin-iconsb82a.woff]
[jevelin.shufflehound.com/hello/wp-content/plugins/js_composer/assets/fonts/vc_icons_v2/fonts/vcpb-plugin-iconsb82a.svg]
[jevelin.shufflehound.com/hello/wp-content/plugins/js_composer/assets/images/toggle_open.png]
[jevelin.shufflehound.com/hello/wp-content/plugins/js_composer/assets/images/toggle_close.png]
[jevelin.shufflehound.com/hello/wp-content/plugins/js_composer/assets/images/flickr.png]
[jevelin.shufflehound.com/hello/wp-content/plugins/js_composer/assets/fonts/vc_grid/vc_grid_v157a1.eot]
[jevelin.shufflehound.com/hello/wp-content/plugins/js_composer/assets/fonts/vc_grid/vc_grid_v1d41d.eot]
[jevelin.shufflehound.com/hello/wp-content/plugins/js_composer/assets/fonts/vc_grid/vc_grid_v157a1.woff]
[jevelin.shufflehound.com/hello/wp-content/plugins/js_composer/assets/fonts/vc_grid/vc_grid_v157a1.ttf]
[jevelin.shufflehound.com/hello/wp-content/plugins/js_composer/assets/fonts/vc_grid/vc_grid_v157a1.svg]
[jevelin.shufflehound.com/hello/wp-content/plugins/js_composer/assets/images/spinner.gif]
[jevelin.shufflehound.com/hello/wp-content/plugins/js_composer/assets/vc/remove.png]
[jevelin.shufflehound.com/hello/wp-content/plugins/js_composer/assets/css/js_composer.mine23c.css]
[jevelin.shufflehound.com/hello/wp-content/themes/jevelin/css/plugins/bootstrap.min7984.css]
[jevelin.shufflehound.com/hello/wp-content/themes/jevelin/fonts/lightcaseeead.eot]
[jevelin.shufflehound.com/hello/wp-content/themes/jevelin/fonts/lightcaseeead.woff]
[jevelin.shufflehound.com/hello/wp-content/themes/jevelin/fonts/lightcaseeead.ttf]
[jevelin.shufflehound.com/hello/wp-content/themes/jevelin/fonts/lightcaseeead.svg]
[jevelin.shufflehound.com/hello/wp-content/themes/jevelin/fonts/Pe-icon-7-stroke.eot]
[jevelin.shufflehound.com/hello/wp-content/themes/jevelin/fonts/Pe-icon-7-stroke.woff]
[jevelin.shufflehound.com/hello/wp-content/themes/jevelin/fonts/Pe-icon-7-stroke.ttf]
[jevelin.shufflehound.com/hello/wp-content/themes/jevelin/fonts/Pe-icon-7-stroke.svg]
[jevelin.shufflehound.com/hello/wp-content/themes/jevelin/fonts/Simple-Line-Iconsb26c.eot]
[jevelin.shufflehound.com/hello/wp-content/themes/jevelin/fonts/Simple-Line-Iconsb26c.woff2]
[jevelin.shufflehound.com/hello/wp-content/themes/jevelin/fonts/Simple-Line-Iconsb26c.ttf]
[jevelin.shufflehound.com/hello/wp-content/themes/jevelin/fonts/Simple-Line-Iconsb26c.woff]
[jevelin.shufflehound.com/hello/wp-content/themes/jevelin/fonts/Simple-Line-Iconsb26c.svg]
[jevelin.shufflehound.com/hello/wp-content/themes/jevelin/fonts/themify.eot]
[jevelin.shufflehound.com/hello/wp-content/themes/jevelin/fonts/themify.woff]
[jevelin.shufflehound.com/hello/wp-content/themes/jevelin/fonts/themify.ttf]
[jevelin.shufflehound.com/hello/wp-content/themes/jevelin/css/plugins5560.css]
[jevelin.shufflehound.com/hello/wp-content/themes/jevelin/css/shortcodes5560.css]
[jevelin.shufflehound.com/hello/wp-content/themes/jevelin/fonts/themify.svg]
[jevelin.shufflehound.com/hello/wp-content/themes/jevelin/img/new.png]
[jevelin.shufflehound.com/hello/wp-content/themes/jevelin/style5560.css]
[jevelin.shufflehound.com/hello/wp-content/themes/jevelin/css/responsive5560.css]
[jevelin.shufflehound.com/hello/wp-content/themes/jevelin/css/ie5560.css]
[jevelin.shufflehound.com/hello/xmlrpc0db0.html]
[jevelin.shufflehound.com/hello/wp-content/plugins/revslider/public/assets/fonts/revicons/revicons90c6.svg]
[jevelin.shufflehound.com/hello/wp-content/plugins/woocommerce/assets/fonts/star.svg]
[jevelin.shufflehound.com/hello/wp-content/plugins/woocommerce/assets/fonts/WooCommerce.svg]
[jevelin.shufflehound.com/hello/wp-content/plugins/woocommerce/assets/images/icons/loader.svg]
[jevelin.shufflehound.com/hello/wp-content/plugins/woocommerce/assets/images/icons/credit-cards/visa.svg]
[jevelin.shufflehound.com/hello/wp-content/plugins/woocommerce/assets/images/icons/credit-cards/mastercard.svg]
[jevelin.shufflehound.com/hello/wp-content/plugins/woocommerce/assets/images/icons/credit-cards/laser.svg]
[jevelin.shufflehound.com/hello/wp-content/plugins/woocommerce/assets/images/icons/credit-cards/diners.svg]
[jevelin.shufflehound.com/hello/wp-content/plugins/woocommerce/assets/images/icons/credit-cards/maestro.svg]
[jevelin.shufflehound.com/hello/wp-content/plugins/woocommerce/assets/images/icons/credit-cards/jcb.svg]
[jevelin.shufflehound.com/hello/wp-content/plugins/woocommerce/assets/images/icons/credit-cards/amex.svg]
[jevelin.shufflehound.com/hello/wp-content/plugins/woocommerce/assets/images/icons/credit-cards/discover.svg]
[jevelin.shufflehound.com/hello/wp-content/plugins/js_composer/assets/lib/bower/font-awesome/fonts/fontawesome-webfont3e6e.svg]
[jevelin.shufflehound.com/hello/wp-content/plugins/js_composer/assets/fonts/vc_icons_v2/fonts/vcpb-plugin-iconsb82a.svg]
[jevelin.shufflehound.com/hello/wp-content/plugins/js_composer/assets/vc/blur.svg]
[jevelin.shufflehound.com/hello/wp-content/plugins/js_composer/assets/fonts/vc_grid/vc_grid_v157a1.svg]
[jevelin.shufflehound.com/hello/wp-content/themes/jevelin/css/fonts/glyphicons-halflings-regular.html]
[jevelin.shufflehound.com/hello/wp-content/themes/jevelin/css/fonts/glyphicons-halflings-regulard41d.html]
[jevelin.shufflehound.com/hello/wp-content/themes/jevelin/css/fonts/glyphicons-halflings-regular-2.html]
[jevelin.shufflehound.com/hello/wp-content/themes/jevelin/css/fonts/glyphicons-halflings-regular-3.html]
[jevelin.shufflehound.com/hello/wp-content/themes/jevelin/css/fonts/glyphicons-halflings-regular-4.html]
[jevelin.shufflehound.com/hello/wp-content/themes/jevelin/css/fonts/glyphicons-halflings-regular-5.html]
[jevelin.shufflehound.com/hello/wp-content/themes/jevelin/fonts/lightcaseeead.svg]
[jevelin.shufflehound.com/hello/wp-content/themes/jevelin/fonts/Pe-icon-7-stroke.svg]
[jevelin.shufflehound.com/hello/wp-content/themes/jevelin/fonts/Simple-Line-Iconsb26c.svg]
[jevelin.shufflehound.com/hello/wp-content/themes/jevelin/fonts/themify.svg]
