[gaetanlefebvre.fr/index.html]
[backblue.gif]
[fade.gif]
[index.html]
[gaetanlefebvre.fr/graph/facebook.png]
[gaetanlefebvre.fr/graph/twitter.png]
[gaetanlefebvre.fr/favicon/apple-touch-icon.png]
[gaetanlefebvre.fr/favicon/favicon-32x32.png]
[gaetanlefebvre.fr/favicon/favicon-16x16.png]
[gaetanlefebvre.fr/_nuxt/03984dce2ac81c16dc66.js]
[gaetanlefebvre.fr/_nuxt/dfe60d5b0968c002a20e.js]
[gaetanlefebvre.fr/_nuxt/1bf7687dd81a6800b09a.js]
[gaetanlefebvre.fr/_nuxt/8cf144cbeca6950c9267.js]
[gaetanlefebvre.fr/_nuxt/46e856808e632b059a27.js]
[gaetanlefebvre.fr/_nuxt/fonts/b22b90a.ttf]
[gaetanlefebvre.fr/_nuxt/fonts/1654ff9.ttf]
[gaetanlefebvre.fr/_nuxt/fonts/1904ccf.ttf]
[gaetanlefebvre.fr/_nuxt/fonts/6baed2b.otf]
[gaetanlefebvre.fr/_nuxt/fonts/6365c40.otf]
[gaetanlefebvre.fr/_nuxt/fonts/7a2d9d3.otf]
[gaetanlefebvre.fr/_nuxt/fonts/e3d875a.otf]
[gaetanlefebvre.fr/_nuxt/fonts/d04a02d.otf]
[gaetanlefebvre.fr/_nuxt/fonts/ffe8426.otf]
[gaetanlefebvre.fr/_nuxt/img/68ca5c5.png]
[gaetanlefebvre.fr/index.html]
[gaetanlefebvre.fr/favicon/site.html]
[gaetanlefebvre.fr/favicon/safari-pinned-tab.svg]
