[www.ouiwill.com/index.html]
[backblue.gif]
[fade.gif]
[index.html]
[ouiwillportfolio.cdn.prismic.io/ouiwillportfolio/2da60f397358aecaf1e8ed101b2cf522bdbd172d_office.jpg]
[www.ouiwill.com/favicon.ico]
[www.ouiwill.com/_nuxt/f271e674dee75e554856.js]
[www.ouiwill.com/_nuxt/f1db89064a3012dc3744.js]
[www.ouiwill.com/_nuxt/95e89a9c22da042b92ef.js]
[www.ouiwill.com/_nuxt/ed64bbb5fcaab9e332ac.js]
[www.ouiwill.com/_nuxt/6c0bf7c0a80e549f322c.js]
[www.ouiwill.com/_nuxt/0256cee7e3426b27f70e.js]
[www.ouiwill.com/fonts/Plain-Ultrathin.woff2]
[www.ouiwill.com/fonts/Plain-Ultrathin.woff]
[www.ouiwill.com/fonts/Plain-Ultralight.woff2]
[www.ouiwill.com/fonts/Plain-Ultrathin.otf]
[www.ouiwill.com/fonts/Plain-Ultralight.woff]
[www.ouiwill.com/fonts/Plain-Thin.woff2]
[www.ouiwill.com/fonts/Plain-Ultralight.otf]
[www.ouiwill.com/fonts/Plain-Thin.woff]
[www.ouiwill.com/fonts/Plain-Light.woff2]
[www.ouiwill.com/fonts/Plain-Thin.otf]
[www.ouiwill.com/fonts/Plain-Light.woff]
[ouiwillportfolio.cdn.prismic.io/ouiwillportfolio/5a1df58b6fcf2904b8557d1a7f5c8fd8601994f6_reel.jpg]
[ouiwillportfolio.cdn.prismic.io/ouiwillportfolio/afe5b2fb37fcf627c0b0a213faac83af60bbca38_reel.jpg]
[www.ouiwill.com/fonts/Plain-Light.otf]
[ouiwillportfolio.cdn.prismic.io/ouiwillportfolio/d7a959acbb665b7b0d5bea7425347dd1e7f62412_test-4.jpg]
[ouiwillportfolio.cdn.prismic.io/ouiwillportfolio/978c44c1ca43ea203ab86c68cc882e3c4d989b9b_rivian.jpg]
[ouiwillportfolio.cdn.prismic.io/ouiwillportfolio/2cf3ef035e691c006791db2dac151e1c129aed03_rivian.jpg]
[www.ouiwill.com/work/index.html]
[www.ouiwill.com/work/rivian/index.html]
[ouiwillportfolio.cdn.prismic.io/ouiwillportfolio/debfb9f80f02f5b0358e3f59004f0614df09fdf8_k_main.jpg]
[ouiwillportfolio.cdn.prismic.io/ouiwillportfolio/55265a3d7071089ed71a8e94876a90a1ee04023a_k_main.jpg]
[www.ouiwill.com/work/kanarys/index.html]
[ouiwillportfolio.cdn.prismic.io/ouiwillportfolio/f062bdd8a14626eca047c720cfd912bf0a1642fc_amaio.2017.02-5594.web-1.jpg]
[ouiwillportfolio.cdn.prismic.io/ouiwillportfolio/ea46250507322457f0bcad3dd34f2ffd4d4a62da_amaio.2017.02-5594.web-1.jpg]
[www.ouiwill.com/work/amaio/index.html]
[ouiwillportfolio.cdn.prismic.io/ouiwillportfolio/70c47e49ef8544809e985ec6b56b1370751c0c1b_01.jpg]
[ouiwillportfolio.cdn.prismic.io/ouiwillportfolio/914eec9075c947e71eba66919548ce9f71b7f273_working-team-main-613x741.png]
[ouiwillportfolio.cdn.prismic.io/ouiwillportfolio/1374ec35ade1e0a8c208241daa81a86bfba93399_steven-anna-retina-1226x1482.png]
[ouiwillportfolio.cdn.prismic.io/ouiwillportfolio/c84ae6f76aef0c36b8f7be04cc9d0d398c424bf0_onx-bts-retina-1226x1482.png]
[www.ouiwill.com/about/index.html]
[ouiwillportfolio.cdn.prismic.io/ouiwillportfolio/095184349b8a88bb754d9f4a0332e1f719f3d5b6_disrupt-2.png]
[ouiwillportfolio.cdn.prismic.io/ouiwillportfolio/c92b4bc461360269f2622e90187727de1038f80d_disrupt-2.png]
[www.ouiwill.com/news/the-meaning-behind-disrupt--an-fwa-insights-feature/index.html]
[ouiwillportfolio.cdn.prismic.io/ouiwillportfolio/5a770e4fd2e8b2408c7701aa44cd5a72eab609d2_rihanna-rj-rivian.jpg]
[ouiwillportfolio.cdn.prismic.io/ouiwillportfolio/efab74b87a4f39c90b176d4be6b9d51c31288f92_rihanna-rj-rivian.jpg]
[www.ouiwill.com/news/celebrating-rivians-debut-at-the-la-auto-show/index.html]
[ouiwillportfolio.cdn.prismic.io/ouiwillportfolio/30a3279e158bcd240c506894dc9b0b7eedd5321e_7a5939e9dbead2b40c5581d656f81c34e6a3b4f6_test-3.jpg]
[ouiwillportfolio.cdn.prismic.io/ouiwillportfolio/5956039089b73f9f908dcaac41a65935988028af_7a5939e9dbead2b40c5581d656f81c34e6a3b4f6_test-3.jpg]
[www.ouiwill.com/news/amaio-wins-two-webby-awards-in-2018/index.html]
[ouiwillportfolio.cdn.prismic.io/ouiwillportfolio/83c49484f1528111f98bce94ff6b10819da9f25c_eddi-aguirre-569986-unsplash.jpg]
[ouiwillportfolio.cdn.prismic.io/ouiwillportfolio/aeab9348ebffbd2906219f8a2313732a996218eb_eddi-aguirre-569986-unsplash.jpg]
[ouiwillportfolio.cdn.prismic.io/ouiwillportfolio/salut.gif]
[www.ouiwill.com/news/collaborating-with-an-arican-american-women-led-tech-startup/index.html]
[www.ouiwill.com/incubation/index.html]
[www.ouiwill.com/careers/index.html]
[www.ouiwill.com/index.html]
[www.ouiwill.com/_nuxt/1ba4ef93e9d2e55a49b5.js]
[www.ouiwill.com/contact/index.html]
[ouiwillportfolio.cdn.prismic.io/ouiwillportfolio/428fbe893c96185a7cede0752b70fc273207b0a6_humbertpoyet.jpg]
[ouiwillportfolio.cdn.prismic.io/ouiwillportfolio/5ecdf6c7af068009f06cb5604f7baeba1f932c45_humbertpoyet.jpg]
[www.ouiwill.com/work/humbert-et-poyet/index.html]
[ouiwillportfolio.cdn.prismic.io/ouiwillportfolio/9429edce9759c20653e1317923d1fb3e1d025d83_altamura_103438b_rfr.jpg]
[ouiwillportfolio.cdn.prismic.io/ouiwillportfolio/17410068787c1613a39094dfb2de8b06cec0c756_altamura_103438b_rfr.jpg]
[ouiwillportfolio.cdn.prismic.io/ouiwillportfolio/0a27997b01a08920707b2280b205fd5495390d53_amaio.jpg]
[ouiwillportfolio.cdn.prismic.io/ouiwillportfolio/4a19852eb99c57f2a251bb56b3606f6b10d7254a_amaio.jpg]
[www.ouiwill.com/work/grand-image/index.html]
[ouiwillportfolio.cdn.prismic.io/ouiwillportfolio/Sound_4.gif]
[ouiwillportfolio.cdn.prismic.io/ouiwillportfolio/04207baffe16507be838fae088a1ce33ac8d8c1a_work-2.jpg]
[ouiwillportfolio.cdn.prismic.io/ouiwillportfolio/6c867a19e88c13c6a95b36a442acf71214227ae8_work-2.jpg]
[www.ouiwill.com/work/scrpt/index.html]
[ouiwillportfolio.cdn.prismic.io/ouiwillportfolio/b1484b8d20f519ec905309175926836aa5a8a36c_cover2.gif]
[ouiwillportfolio.cdn.prismic.io/ouiwillportfolio/a95ae852e227a99e308480fec12d8ae9673da003_ddf.jpg]
[ouiwillportfolio.cdn.prismic.io/ouiwillportfolio/76b231ae1d1ea949ed6266002a37736f0783fd5a_ddf.jpg]
[www.ouiwill.com/work/clarity/index.html]
[ouiwillportfolio.cdn.prismic.io/ouiwillportfolio/28e0b29427e1c8eb94932c4fa6c16eb081a56853_cover.jpg]
[ouiwillportfolio.cdn.prismic.io/ouiwillportfolio/7f96136108e4175f4b59b76bdfe8b507947cb0c7_cover.jpg]
[www.ouiwill.com/work/brontide/index.html]
[ouiwillportfolio.cdn.prismic.io/ouiwillportfolio/b1484b8d20f519ec905309175926836aa5a8a36c_cover.gif]
[ouiwillportfolio.cdn.prismic.io/ouiwillportfolio/453cfe3e0636c1f847ed6ae8ae7d64e79b80fc95_amaio.2017.02-5594.web-1.jpg]
[www.ouiwill.com/work/index.html]
[www.ouiwill.com/_nuxt/37ea31982317371ade45.js]
[ouiwillportfolio.cdn.prismic.io/ouiwillportfolio/4434083890ef2b6c7aca73dba50d5ad2bb09896b_rivian_11.jpg]
[ouiwillportfolio.cdn.prismic.io/ouiwillportfolio/24a9fc413d2ea859f80e75528c8611cf2497e3ec_rivian_11.jpg]
[ouiwillportfolio.cdn.prismic.io/ouiwillportfolio/77eb97feb9dc480f2c53812a8d025b8eb8a5ccf0_d.png]
[ouiwillportfolio.cdn.prismic.io/ouiwillportfolio/082262a59ad7b8467323359d2ebe8b8ed13e093f_4r.jpg]
[ouiwillportfolio.cdn.prismic.io/ouiwillportfolio/12f03e9de07dd0bbb6e6a61a1d0eb6e827409b27_4r.jpg]
[ouiwillportfolio.cdn.prismic.io/ouiwillportfolio/cca752cb3156796132c80322c2b83c8cbfb87a0e_07.jpg]
[ouiwillportfolio.cdn.prismic.io/ouiwillportfolio/a8e42c76c186bf63cb381dfce33bd29e3b0e011c_07.jpg]
[ouiwillportfolio.cdn.prismic.io/ouiwillportfolio/983492101aecb852a23cea531462f34ae1700e8e_05.jpg]
[ouiwillportfolio.cdn.prismic.io/ouiwillportfolio/8b45f7d19d05fe1375fcb5f841063b521c5ab96c_05.jpg]
[ouiwillportfolio.cdn.prismic.io/ouiwillportfolio/bb6c5b39e5c59da647431fdd8f0bd867887cc4cc_04.jpg]
[ouiwillportfolio.cdn.prismic.io/ouiwillportfolio/51c94ca8ae289f9d981d7acb90c29945782433ca_04.jpg]
[ouiwillportfolio.cdn.prismic.io/ouiwillportfolio/6616f9d9b4fc09a49cddb7bcc5d4eb5391b4e037_the-2020-rivian-r1t--20.jpg]
[ouiwillportfolio.cdn.prismic.io/ouiwillportfolio/99be5912a956b3d65a4518d928283aa71091efd7_the-2020-rivian-r1t--20.jpg]
[ouiwillportfolio.cdn.prismic.io/ouiwillportfolio/ed53ea6f54e3b6cf76aeb2e8a9db2211ceca2c51_ggg.png]
[ouiwillportfolio.cdn.prismic.io/ouiwillportfolio/d016197dbde6ecbef04a2effae1fddc83eecd193_dssds.jpg]
[ouiwillportfolio.cdn.prismic.io/ouiwillportfolio/72764e18cf215d6e319d201793897fe53eadbe7a_dssds.jpg]
[ouiwillportfolio.cdn.prismic.io/ouiwillportfolio/f5f2a935b56ff5082a81b93101b58df9dd628e12_2_skateboard-2.jpg]
[ouiwillportfolio.cdn.prismic.io/ouiwillportfolio/8cb8edf1535b2e1ece9f574eafd92ccb654e9fc9_2_skateboard-2.jpg]
[ouiwillportfolio.cdn.prismic.io/ouiwillportfolio/e5af99f424302d3e31b8a3faf7690fc36f3e07c1_2_skateboard-3.jpg]
[ouiwillportfolio.cdn.prismic.io/ouiwillportfolio/399395be5f0dcf3f44cba20eed8da8ed68a36a0c_2_skateboard-3.jpg]
[ouiwillportfolio.cdn.prismic.io/ouiwillportfolio/cff397aa637d7542e13ee0cac8438dd9111813a4_ddd.jpg]
[ouiwillportfolio.cdn.prismic.io/ouiwillportfolio/d984c20096a7c82dc1c7fccb6409264393ed674f_ddd.jpg]
[ouiwillportfolio.cdn.prismic.io/ouiwillportfolio/f6c8f1693da431924bd2e8d52b45af3601e914f1_sss.jpg]
[ouiwillportfolio.cdn.prismic.io/ouiwillportfolio/da2f6a12e0b5152c9f76bc05f0be48e82cd67886_sss.jpg]
[ouiwillportfolio.cdn.prismic.io/ouiwillportfolio/65eef83df193e80e612dcc8eb1571b513ba6477b_coverrivian.jpg]
[ouiwillportfolio.cdn.prismic.io/ouiwillportfolio/e3b85f91002c20cd93711d379b45e8923d164342_coverrivian.jpg]
[ouiwillportfolio.cdn.prismic.io/ouiwillportfolio/c014589e501c7ff3bb8fc4fd18f761eb570bd78d_author-rivian.jpg]
[ouiwillportfolio.cdn.prismic.io/ouiwillportfolio/e3b3702e7741e8629ae1c8303c920d0780887b18_author-rivian.jpg]
[www.ouiwill.com/work/rivian/index.html]
[ouiwillportfolio.cdn.prismic.io/ouiwillportfolio/f9c24fc07012404186f19895c2e17b12c2750b57_kanarys_11.jpg]
[ouiwillportfolio.cdn.prismic.io/ouiwillportfolio/1ae19853443ddda4e802e59bb1585876128078c6_kanarys_11.jpg]
[ouiwillportfolio.cdn.prismic.io/ouiwillportfolio/75f973ce2b7c3b6364aaec120d686282472c3627_tablet--responsive.jpg]
[ouiwillportfolio.cdn.prismic.io/ouiwillportfolio/cdc80d5df3a9520139fd0fef69cf8bcd0bcc909e_index_home_new.jpg]
[ouiwillportfolio.cdn.prismic.io/ouiwillportfolio/b5996765db78743aa82df1cade0d0b875991978c_index_home_new.jpg]
[ouiwillportfolio.cdn.prismic.io/ouiwillportfolio/8b4f5a4208d3d9f17a6a9b6f2b60ea5f5adcbd6f_sddsdsds.png]
[ouiwillportfolio.cdn.prismic.io/ouiwillportfolio/dc5a16591524d12babec9306980bdbe4e208ce7b_h.jpg]
[ouiwillportfolio.cdn.prismic.io/ouiwillportfolio/d2e223c7b0a27e01261870453a2b1a0e356bd2d7_h.jpg]
[ouiwillportfolio.cdn.prismic.io/ouiwillportfolio/d863f110af29ef6aa737fe962c8262724408eade_ffffff.jpg]
[ouiwillportfolio.cdn.prismic.io/ouiwillportfolio/ee77ee6b5f528c543ae945880c25dbcb5a920e56_ffffff.jpg]
[ouiwillportfolio.cdn.prismic.io/ouiwillportfolio/85184ce2b434b68991a3ff6ee5d5621e5909589a_gggg.jpg]
[ouiwillportfolio.cdn.prismic.io/ouiwillportfolio/73a0b38b1f7ec4cc3dc9a8c65591c48803389f1f_gggg.jpg]
[ouiwillportfolio.cdn.prismic.io/ouiwillportfolio/9f93ca3805d26c21847ed7de32159a49134db33a_poster.jpg]
[ouiwillportfolio.cdn.prismic.io/ouiwillportfolio/60569d7467f3aec020d195b24341921615049ff7_poster.jpg]
[ouiwillportfolio.cdn.prismic.io/ouiwillportfolio/ba1a1dc85cfc80581034ec992bc1a38a1020e160_fr.jpg]
[ouiwillportfolio.cdn.prismic.io/ouiwillportfolio/1052d9d848ed440b4019582ca536b99530d3a962_fr.jpg]
[ouiwillportfolio.cdn.prismic.io/ouiwillportfolio/e7288d12b891b70ec2cb3192bce28d322aba1735_awa.jpg]
[ouiwillportfolio.cdn.prismic.io/ouiwillportfolio/26a86310993322edf6e216fb36f5af248fab3718_awa.jpg]
[www.ouiwill.com/work/kanarys/index.html]
[ouiwillportfolio.cdn.prismic.io/ouiwillportfolio/3d9a675ce2aa2358572c649860b8408e4bb79171_amaio1.jpg]
[ouiwillportfolio.cdn.prismic.io/ouiwillportfolio/7550a913042fcf92fba07ea6d4209304c7f53441_amaio1.jpg]
[ouiwillportfolio.cdn.prismic.io/ouiwillportfolio/52d197b9ed335d82bda61b49591b6abb62995f21_amaio-copie.png]
[ouiwillportfolio.cdn.prismic.io/ouiwillportfolio/4e2356054497c98375aa8b341e62872ffe7c3682.jpg]
[ouiwillportfolio.cdn.prismic.io/ouiwillportfolio/5386091aee29c96e48c05a9b1e56cd026707fb69.jpg]
[ouiwillportfolio.cdn.prismic.io/ouiwillportfolio/4d621dd200349a6baa3633b91c785e83ad3682f2_01_home-copie.jpg]
[ouiwillportfolio.cdn.prismic.io/ouiwillportfolio/b367657a869386f7806f9cab02f13b2cc9b64dd0_01_home-copie.jpg]
[ouiwillportfolio.cdn.prismic.io/ouiwillportfolio/f60cb5f5f544c36d6279edbd85cd5860dde5510c_45.jpg]
[ouiwillportfolio.cdn.prismic.io/ouiwillportfolio/5626425c2e58811896a198b82f6d3d27f5d0e7ea_04_products_sticky_scroll.jpg]
[ouiwillportfolio.cdn.prismic.io/ouiwillportfolio/dda3654f18de54bea27ba22baea6724fb0d200f4_04_products_sticky_scroll.jpg]
[ouiwillportfolio.cdn.prismic.io/ouiwillportfolio/454dc0b14ceea26dee35c6f6dc7012ec4e45c920_06_products_sizechart.jpg]
[ouiwillportfolio.cdn.prismic.io/ouiwillportfolio/46d609a2ad46f27a2ce717421f6eeaec83bbdb28_06_products_sizechart.jpg]
[ouiwillportfolio.cdn.prismic.io/ouiwillportfolio/dce0c45f3db654e655999420bf85ab8104090254_07_products_sizechart.jpg]
[ouiwillportfolio.cdn.prismic.io/ouiwillportfolio/a6e78dc48b6b7062008bc1140a524fd97507b615_07_products_sizechart.jpg]
[ouiwillportfolio.cdn.prismic.io/ouiwillportfolio/34d100693b254c1677c24d3e40e541970469f172_09_lookbook4.jpg]
[ouiwillportfolio.cdn.prismic.io/ouiwillportfolio/c135db9ff8ce25ed97f37ec9e6c451f98cc79d74_09_lookbook4.jpg]
[ouiwillportfolio.cdn.prismic.io/ouiwillportfolio/df88c63767e91ca9ad045af1da9fbadc1dccf0de_amaio.2017.02-1064.low-resolution.jpg]
[ouiwillportfolio.cdn.prismic.io/ouiwillportfolio/7aabbd86351795b899fc2a59bd51f415f12bdb47_amaio.2017.02-1064.low-resolution.jpg]
[ouiwillportfolio.cdn.prismic.io/ouiwillportfolio/dc0cd4e02b86f1361c46c5b1d157ce134ec9ea9a_amaio.2017.02-1178.low-resolution.jpg]
[ouiwillportfolio.cdn.prismic.io/ouiwillportfolio/2a8adbbbfa1c8f505df099263e5e0849baccf8be_amaio.2017.02-1178.low-resolution.jpg]
[ouiwillportfolio.cdn.prismic.io/ouiwillportfolio/22db391c3508b2c6246db4aea68191e773fbf5e0_amaio.2017.02-0698.web.jpg]
[ouiwillportfolio.cdn.prismic.io/ouiwillportfolio/4f05a62884d5f80deecf0cc2fbcbed93e1c022fe_amaio.2017.02-0698.web.jpg]
[ouiwillportfolio.cdn.prismic.io/ouiwillportfolio/ac0d6a705636639c1ffcbb542778b290f5d2e157_amaio.2017.02-0901.web.jpg]
[ouiwillportfolio.cdn.prismic.io/ouiwillportfolio/b115c44c699d8c80a2951adcbe15b4f5ba708220_amaio.2017.02-0901.web.jpg]
[ouiwillportfolio.cdn.prismic.io/ouiwillportfolio/7c38d07c3e14e2efd385404b3ea0a11b620054e3_ddd.jpg]
[ouiwillportfolio.cdn.prismic.io/ouiwillportfolio/e00daa700d83a47253eea2a5a092c14bb8317670_ddd.jpg]
[ouiwillportfolio.cdn.prismic.io/ouiwillportfolio/b64ecf59b292e6abf14f3a19d5346666df8f8d69_poster.jpg]
[ouiwillportfolio.cdn.prismic.io/ouiwillportfolio/0c14879042f2e5838629c32b710dad07657556c2_poster.jpg]
[ouiwillportfolio.cdn.prismic.io/ouiwillportfolio/07f0b9d19d2e7415a43ae5c65101b404f31fc1f8_re.jpg]
[ouiwillportfolio.cdn.prismic.io/ouiwillportfolio/4faca94b50aebcd80f789b5f3f9097304f16852b_re.jpg]
[ouiwillportfolio.cdn.prismic.io/ouiwillportfolio/fbb44d00b78efb0dc80fcae7d9b45c2e2697660f_f0a5d28ed91e990761928231bde954f6_1_0_art.jpg]
[ouiwillportfolio.cdn.prismic.io/ouiwillportfolio/4ecb8749a0ef3552147a374780d8fd62fa239b4f_f0a5d28ed91e990761928231bde954f6_1_0_art.jpg]
[ouiwillportfolio.cdn.prismic.io/ouiwillportfolio/bd9257c4ef98c3730ad6b0fee4094c7dbccad425_grandimage3.png]
[www.ouiwill.com/work/amaio/index.html]
[www.ouiwill.com/_nuxt/8d55cfb77e6046f8271c.js]
[ouiwillportfolio.cdn.prismic.io/ouiwillportfolio/9b7029a6f8682cfb6ac19360734bf506666782c7_about-1.jpg]
[ouiwillportfolio.cdn.prismic.io/ouiwillportfolio/900883dbad4e64966130817eb584d9224ad0cdba_about-1.jpg]
[ouiwillportfolio.cdn.prismic.io/ouiwillportfolio/0efe2e053738c0748938c6deb5ee0cfb31ffbea3_about-moon.png]
[ouiwillportfolio.cdn.prismic.io/ouiwillportfolio/93ea5490b7ea784e277d5944a5590019b88a13e5_about-retina-2546x1716.png]
[ouiwillportfolio.cdn.prismic.io/ouiwillportfolio/84129a8e1204e119b2f6f7229917fefef400109d_about-retina-2546x1716.png]
[ouiwillportfolio.cdn.prismic.io/ouiwillportfolio/6d30b7e5b9eaf1fa318561d078b1a693bcab9a02_01.jpg]
[ouiwillportfolio.cdn.prismic.io/ouiwillportfolio/cc51e284b6db2475621455af2b1dca79cb792044_01.jpg]
[ouiwillportfolio.cdn.prismic.io/ouiwillportfolio/da44adc2c6f1a0703725908498ae2cb6159081f3_working-team-retina-1226x1482.png]
[ouiwillportfolio.cdn.prismic.io/ouiwillportfolio/6547e733b73341ac0f6de3c7f9ab20d10aa5107d_working-team-retina-1226x1482.png]
[ouiwillportfolio.cdn.prismic.io/ouiwillportfolio/795dee9c5237de8bdd7e21e483be918fe2304063_steven-anna-retina-1226x1482.png]
[ouiwillportfolio.cdn.prismic.io/ouiwillportfolio/af295dca29fd171421d34c19547ec2043c5d9edf_steven-anna-retina-1226x1482.png]
[ouiwillportfolio.cdn.prismic.io/ouiwillportfolio/db3377bf6d675624fbba74b036d17843bd211d95_onx-bts-retina-1226x1482.png]
[ouiwillportfolio.cdn.prismic.io/ouiwillportfolio/e122a7f5acb698ce2d8dbb5af3282aafd2486d02_onx-bts-retina-1226x1482.png]
[ouiwillportfolio.cdn.prismic.io/ouiwillportfolio/2817c335d858d9f325ac28b016d22ba72b34012e_ouiwill-171025115900dsc_5691-1.jpg]
[ouiwillportfolio.cdn.prismic.io/ouiwillportfolio/dfe2b09e2a9637640cf9b78756110f4cc34ff3f5_ouiwill-171025115900dsc_5691-1.jpg]
[ouiwillportfolio.cdn.prismic.io/ouiwillportfolio/453424aa4f9c3036954bb50bb54430d40754eda2_logo-1.png]
[ouiwillportfolio.cdn.prismic.io/ouiwillportfolio/6de2a8d2b70a67f1af5b22351b31d5e00b365003_fwa.png]
[ouiwillportfolio.cdn.prismic.io/ouiwillportfolio/71b6920926534b5b036cd262c0601e475a46fd25_2b40355348286a56e8e9dfa975763ea903e08b6b_web.png]
[ouiwillportfolio.cdn.prismic.io/ouiwillportfolio/1c9884993e082db03a153a2c1e682168513b768f_bb9bbfdc40b6b5da927adb6baf5bc04c7cc867e6_fwa_2.png]
[ouiwillportfolio.cdn.prismic.io/ouiwillportfolio/dcbc52a6abbc24e4f2641aba98746850ab87c760_brand-1.png]
[ouiwillportfolio.cdn.prismic.io/ouiwillportfolio/30cf5b2bd232a68f2435fb8f5d0131416c1dc2bc_brand-2.png]
[ouiwillportfolio.cdn.prismic.io/ouiwillportfolio/60ec69695e6a2983388162090964114e40f73c4a_brand-3.png]
[ouiwillportfolio.cdn.prismic.io/ouiwillportfolio/03feec24730af09a927af9ce3bf37cf47f459857_brand-4.png]
[ouiwillportfolio.cdn.prismic.io/ouiwillportfolio/0a1e216acd0ebfd3617e29cb08531773e1666e56_brand-5.png]
[ouiwillportfolio.cdn.prismic.io/ouiwillportfolio/c0329e64bfa4949d9ecd25f9eb50a3cf8cdf32fc_brand-6.png]
[ouiwillportfolio.cdn.prismic.io/ouiwillportfolio/a4ed1abb7ee22055c7cc7096f9fbe032cd6a0b79_zira-logo-black-web.png]
[ouiwillportfolio.cdn.prismic.io/ouiwillportfolio/e8c858e9da1f24292df8f4edf7dc922d935a1195_brand-8.png]
[ouiwillportfolio.cdn.prismic.io/ouiwillportfolio/4dcc4b1ae00d89366aa06ddc632567615aeda49f_brand-9.png]
[ouiwillportfolio.cdn.prismic.io/ouiwillportfolio/d0e26610fd560de4bc23451fd79f559983021aea_disrupt.jpg]
[ouiwillportfolio.cdn.prismic.io/ouiwillportfolio/0c4d9414103f13a457c5c5c4464040dbf280e0ac_disrupt.jpg]
[www.ouiwill.com/about/index.html]
[www.ouiwill.com/_nuxt/d95f53c6275bf98726c5.js]
[ouiwillportfolio.cdn.prismic.io/ouiwillportfolio/64494928d996077916fb88cd6aa589ebe54eea7c_disrupt-2.png]
[www.ouiwill.com/news/the-meaning-behind-disrupt--an-fwa-insights-feature/index.html]
[ouiwillportfolio.cdn.prismic.io/ouiwillportfolio/c9f908d1ee879653aaea8c2a29b2ddf130ea5194_rihanna-rj-rivian.jpg]
[www.ouiwill.com/news/celebrating-rivians-debut-at-the-la-auto-show/index.html]
[ouiwillportfolio.cdn.prismic.io/ouiwillportfolio/bf40e7af75c8b199ef4af72ff8f547ac993a6b12_7a5939e9dbead2b40c5581d656f81c34e6a3b4f6_test-3.jpg]
[www.ouiwill.com/news/amaio-wins-two-webby-awards-in-2018/index.html]
[ouiwillportfolio.cdn.prismic.io/ouiwillportfolio/55d11feb8369917157b03d072b6eb422b2a64307_eddi-aguirre-569986-unsplash.jpg]
[www.ouiwill.com/news/collaborating-with-an-arican-american-women-led-tech-startup/index.html]
[www.ouiwill.com/_nuxt/e82b631bd5e6e7d7889a.js]
[ouiwillportfolio.cdn.prismic.io/ouiwillportfolio/2c2c6120c82a372e9b37912bb779ba8cc01efea3_incubation.jpg]
[ouiwillportfolio.cdn.prismic.io/ouiwillportfolio/99e95ef4c04c60c97363416828d9d938f757b55c_incubation.jpg]
[ouiwillportfolio.cdn.prismic.io/ouiwillportfolio/3e0a06d79077775fd3aaf3148d284e125e297a66_06.jpg]
[ouiwillportfolio.cdn.prismic.io/ouiwillportfolio/f2f7d7cc09895d5b7da26ef753ac51cb3776a4be_06.jpg]
[ouiwillportfolio.cdn.prismic.io/ouiwillportfolio/257ecaf4f5c587c91bde685a7ffbb782e4988c17_11.jpg]
[ouiwillportfolio.cdn.prismic.io/ouiwillportfolio/d959a28448f0ed56783f521b0e56c4a7fca05a51_11.jpg]
[ouiwillportfolio.cdn.prismic.io/ouiwillportfolio/17d9cf5e94cc0ccf1944713a09d33706029dc136_14.jpg]
[ouiwillportfolio.cdn.prismic.io/ouiwillportfolio/ff727b0f27bcb9b2b6f159f80b9b7d70368ff092_14.jpg]
[www.ouiwill.com/incubation/index.html]
[www.ouiwill.com/_nuxt/bcbc46c11156755d1f87.js]
[ouiwillportfolio.cdn.prismic.io/ouiwillportfolio/e9f7c3ccbd234b8375915d88b8a979b4f714f7f9_01.jpg]
[www.ouiwill.com/careers/digital-designer/index.html]
[ouiwillportfolio.cdn.prismic.io/ouiwillportfolio/1014f9b922ddf57765777d84ce67a067abdbebd3_team-paris-1-main-1440x900.png]
[ouiwillportfolio.cdn.prismic.io/ouiwillportfolio/10c2753aef0003ac081fc8698d45c1e8199c096d_team-paris-1-main-1440x900.png]
[www.ouiwill.com/careers/index.html]
[www.ouiwill.com/_nuxt/26ed04b6bb93b2370477.js]
[ouiwillportfolio.cdn.prismic.io/ouiwillportfolio/4652af2f4987f0c19bab53105717b87f5ddb5dfb_hellotherebg.jpg]
[ouiwillportfolio.cdn.prismic.io/ouiwillportfolio/e211707597bd96962e84c282f925bb9c1db2ca30_hellotherebg.jpg]
[ouiwillportfolio.cdn.prismic.io/ouiwillportfolio/a230e1223e1de7fdb8891bcb4cf33a66187aad03_dd.jpg]
[ouiwillportfolio.cdn.prismic.io/ouiwillportfolio/ae11941728a45d682b55091b286d0d128d57ac0f_dd.jpg]
[ouiwillportfolio.cdn.prismic.io/ouiwillportfolio/8b23a9ba057e9ef5f36338ce3ce66f819a138860_untitled-2.jpg]
[ouiwillportfolio.cdn.prismic.io/ouiwillportfolio/8e3bf6ad36788af14e42f8b7c438bcb6ea39ba13_untitled-2.jpg]
[www.ouiwill.com/contact/index.html]
[ouiwillportfolio.cdn.prismic.io/ouiwillportfolio/b6e4c0f1c471f1f5ee485f83e190eacd3e8d116c_hp_1.jpg]
[ouiwillportfolio.cdn.prismic.io/ouiwillportfolio/977700307b5c8e3b32cde9fe2e6931cf767b1d12_hp_1.jpg]
[ouiwillportfolio.cdn.prismic.io/ouiwillportfolio/00e31fb7fd217ff3925fadfb6979e18634fbba3a_ipad.png]
[ouiwillportfolio.cdn.prismic.io/ouiwillportfolio/f16c914ddd4b8f295564fd936646581a74fa51c6_home-new.png]
[ouiwillportfolio.cdn.prismic.io/ouiwillportfolio/a955b2f46c7c25564db6134dc84bd8ddf8f2e37a_home-new.png]
[ouiwillportfolio.cdn.prismic.io/ouiwillportfolio/2d60a2c5b1675c1b4bdc6ecc5928104d96ca2b49_menu.png]
[ouiwillportfolio.cdn.prismic.io/ouiwillportfolio/4b61820f95d4e15de3d3c839e376b1a3cceb35c3_menu.png]
[ouiwillportfolio.cdn.prismic.io/ouiwillportfolio/bdebcee8f7812413a54e1e7702c43bccfdf1ae2e_about-landing-page.png]
[ouiwillportfolio.cdn.prismic.io/ouiwillportfolio/3182db650038d783d2d8ff16f1d30c8b38bd709b_about-landing-page.png]
[ouiwillportfolio.cdn.prismic.io/ouiwillportfolio/aa27f2cd9a33f3579d011c4fab0f5f21769914af_about-landing-page-hover.png]
[ouiwillportfolio.cdn.prismic.io/ouiwillportfolio/7f257e2543a429297678b17f579f6fefccd6bd96_about-landing-page-hover.png]
[ouiwillportfolio.cdn.prismic.io/ouiwillportfolio/b7f4efc8f2bb751cd82d8e55f4604c60fff27ab2_34.jpg]
[ouiwillportfolio.cdn.prismic.io/ouiwillportfolio/bef7ffa5a493d650fc40cb26138e6434fd93aac1_34.jpg]
[ouiwillportfolio.cdn.prismic.io/ouiwillportfolio/95cc113a341aa89aa1d51374ee02c5198472c50c_errere3.jpg]
[ouiwillportfolio.cdn.prismic.io/ouiwillportfolio/3c957144d813c4bd55891d2b63905d5ac1f3f7a6_projects---residential.png]
[ouiwillportfolio.cdn.prismic.io/ouiwillportfolio/721d0294465c57b6b827b1833cbfa36b0fbfee6f_projects---residential.png]
[ouiwillportfolio.cdn.prismic.io/ouiwillportfolio/4593f34e7f92eaaa994d04469621300935cddfc4_residential---the-hoxton-copie.jpg]
[ouiwillportfolio.cdn.prismic.io/ouiwillportfolio/096f138a19a87b36309d12f03f4cc8eac0632dbd_residential---the-hoxton-copie.jpg]
[ouiwillportfolio.cdn.prismic.io/ouiwillportfolio/0f7e6102666b9660450f6d64b80cda1afb5f7214_hp_1.jpg]
[ouiwillportfolio.cdn.prismic.io/ouiwillportfolio/6f772d521e2363e43cd727358629b2db996f9038_hp_1.jpg]
[ouiwillportfolio.cdn.prismic.io/ouiwillportfolio/523b4acaa4ba5da1b86793eca5eccc86ad7068dc_bedroom-detail.jpg]
[ouiwillportfolio.cdn.prismic.io/ouiwillportfolio/bd743201b69e593aa8b4bbe6c5f7be425dd56c17_bedroom-detail.jpg]
[ouiwillportfolio.cdn.prismic.io/ouiwillportfolio/b647e0231b985c1c414c03d80388791b9df7d2f8_clarity.png]
[www.ouiwill.com/work/humbert-et-poyet/index.html]
[ouiwillportfolio.cdn.prismic.io/ouiwillportfolio/eae8adbee63df0bd0dd19ead59043477cdb2572c_dddds.jpg]
[ouiwillportfolio.cdn.prismic.io/ouiwillportfolio/f870a17fd5e557bfdf84c9faa37479e41abb518e_dddds.jpg]
[ouiwillportfolio.cdn.prismic.io/ouiwillportfolio/5548abb5ed83e125aa6b5c467b4f47be9f5f3a67_ipad.png]
[ouiwillportfolio.cdn.prismic.io/ouiwillportfolio/3325fe1fa90bfdcfa49bc97f77d67321be94dac4_gif.jpg]
[ouiwillportfolio.cdn.prismic.io/ouiwillportfolio/842c597b069cf7b78c942c695800a8342688309e_gif.jpg]
[ouiwillportfolio.cdn.prismic.io/ouiwillportfolio/7a82b3208b404960e67b526e41f686dfc749135d_1.jpg]
[ouiwillportfolio.cdn.prismic.io/ouiwillportfolio/fc7d1d3ba8d41a35102538414c856e5c7b6df9e1_1.jpg]
[ouiwillportfolio.cdn.prismic.io/ouiwillportfolio/8033a78377efe6fda5ffad0313137c507afebc41_04_home_3.jpg]
[ouiwillportfolio.cdn.prismic.io/ouiwillportfolio/529cf37517098ae991919e410c9f3f29dc584fc1_04_home_3.jpg]
[ouiwillportfolio.cdn.prismic.io/ouiwillportfolio/2f4274b32fdb15d8b27ae1e17936ef36dabdb6f2_2.jpg]
[ouiwillportfolio.cdn.prismic.io/ouiwillportfolio/fa42e7b807c80a8d05bad3e064233f330b9c1b9e_2.jpg]
[ouiwillportfolio.cdn.prismic.io/ouiwillportfolio/36a57232665106785d2edae643111ed5314e3b8f_03_home_2.jpg]
[ouiwillportfolio.cdn.prismic.io/ouiwillportfolio/9b9d588eddf76eaeccdb0df6986098db04ebac7b_03_home_2.jpg]
[ouiwillportfolio.cdn.prismic.io/ouiwillportfolio/79c957ff674098039489cf0ee5463a2a4cc5869a_4.jpg]
[ouiwillportfolio.cdn.prismic.io/ouiwillportfolio/5fd06dbb0d81068e531acad8b7ceafbdc248d35e_4.jpg]
[ouiwillportfolio.cdn.prismic.io/ouiwillportfolio/9af21ebc430c902004428cff9012c907d21cfba8_5.jpg]
[ouiwillportfolio.cdn.prismic.io/ouiwillportfolio/1582c5602a0906d0a24a84932b01190ea50aecc0_5.jpg]
[ouiwillportfolio.cdn.prismic.io/ouiwillportfolio/66b43da3c991c140d4565623e84694d893bec14b_6.jpg]
[ouiwillportfolio.cdn.prismic.io/ouiwillportfolio/d39cbe97fa49b3e77948d728a0ae6cd8ca5d1221_6.jpg]
[ouiwillportfolio.cdn.prismic.io/ouiwillportfolio/567ddd6279771b45b29b17ec64b924cb84078536_9.jpg]
[ouiwillportfolio.cdn.prismic.io/ouiwillportfolio/964a3d1cf0fb46b5ab8c07ffac9dd7d85f160682_9.jpg]
[ouiwillportfolio.cdn.prismic.io/ouiwillportfolio/d25cf1dad43e156cc24c1737b34e1e69e0bcd677_fullscreen.jpg]
[ouiwillportfolio.cdn.prismic.io/ouiwillportfolio/6b4bf90f3e3c7cc4f16941ca603f53cdd349ed52_fullscreen.jpg]
[ouiwillportfolio.cdn.prismic.io/ouiwillportfolio/2497a2b0c576a1ce3e117e8ba0e926e0c1504ba6_fdfsdfs.jpg]
[ouiwillportfolio.cdn.prismic.io/ouiwillportfolio/76477125433292fe47bc31de14da0e9f7db075ae_3.jpg]
[ouiwillportfolio.cdn.prismic.io/ouiwillportfolio/c031bc60f6c0e240295c6bd8a93ba7e2fb597051_3.jpg]
[ouiwillportfolio.cdn.prismic.io/ouiwillportfolio/fe8a2ba41970726482e2b9a32487f137905b74dd_1.jpg]
[ouiwillportfolio.cdn.prismic.io/ouiwillportfolio/464f89018b626b95af603cd67241e339657ccaea_1.jpg]
[ouiwillportfolio.cdn.prismic.io/ouiwillportfolio/753cbbb18d231be8befcf79129aef4b8157b41da_ddd.png]
[ouiwillportfolio.cdn.prismic.io/ouiwillportfolio/fcfcc0fa6e307ff97940d3c40b02aac407703c75_ddd.png]
[ouiwillportfolio.cdn.prismic.io/ouiwillportfolio/6d61533a73b5c1cb687434283a011bc9917af9fd_dew.jpg]
[ouiwillportfolio.cdn.prismic.io/ouiwillportfolio/abb75b11c45e8ad5ad08bc2681215161e8b1a024_dew.jpg]
[ouiwillportfolio.cdn.prismic.io/ouiwillportfolio/cab491a48df18b3a9dd820201cdbd0b696eeba49_poster.jpg]
[ouiwillportfolio.cdn.prismic.io/ouiwillportfolio/eee4c658bc3a904f0b44b1baafb27e349f9745e3_poster.jpg]
[www.ouiwill.com/work/grand-image/index.html]
[ouiwillportfolio.cdn.prismic.io/ouiwillportfolio/0036f3bde28bcbb169762af80e14862ee7b33963_scrpt.png]
[ouiwillportfolio.cdn.prismic.io/ouiwillportfolio/0597b58b292293bad6a3120f92e37aba3fbc5c66_gdgd.jpg]
[ouiwillportfolio.cdn.prismic.io/ouiwillportfolio/de5164b8c51b9570b27d97daf8dd92cab7efc735_gdgd.jpg]
[ouiwillportfolio.cdn.prismic.io/ouiwillportfolio/df7244f3d42100c371eeb7bec336df935209482e_scrpt_11.jpg]
[ouiwillportfolio.cdn.prismic.io/ouiwillportfolio/249397033a59e86150ae69a8c9c3c7360fc16546_scrpt_11.jpg]
[ouiwillportfolio.cdn.prismic.io/ouiwillportfolio/fd5f648c60c4328dc21e73aa606fd32242fb42cf_ed.png]
[ouiwillportfolio.cdn.prismic.io/ouiwillportfolio/aedb17acced714de2d24da7d0f1a891d6ab6c543_fr.jpg]
[ouiwillportfolio.cdn.prismic.io/ouiwillportfolio/8c3fa512fed5b8a2859c9dc7190ecdd02f0a3900_fr.jpg]
[ouiwillportfolio.cdn.prismic.io/ouiwillportfolio/3c476811365b5d4e8b6836bb43153b26fc24c094_5.jpg]
[ouiwillportfolio.cdn.prismic.io/ouiwillportfolio/0bfc7bc5ce63952d9e5abf3584fedabe3a783015_5.jpg]
[ouiwillportfolio.cdn.prismic.io/ouiwillportfolio/c472af60349693338901cfbf3dbaa6c31d619c70_1.jpg]
[ouiwillportfolio.cdn.prismic.io/ouiwillportfolio/be6daa078fe2039ad402c4eacc8a946575590a7e_1.jpg]
[ouiwillportfolio.cdn.prismic.io/ouiwillportfolio/b7967573df83030e71024baa3ea54d77b4548279_6.jpg]
[ouiwillportfolio.cdn.prismic.io/ouiwillportfolio/ea18757ae12a41adb70f28b15c739e4982248050_6.jpg]
[ouiwillportfolio.cdn.prismic.io/ouiwillportfolio/0daac7e5c0573372f199bc0199ab1badf96b25ff_7.jpg]
[ouiwillportfolio.cdn.prismic.io/ouiwillportfolio/9926c8b66cd1b45f989a70765b78206791b0ea1c_7.jpg]
[ouiwillportfolio.cdn.prismic.io/ouiwillportfolio/05b5f758063a6db494ac4f9c6641b9231e2df774_edd.jpg]
[ouiwillportfolio.cdn.prismic.io/ouiwillportfolio/2d7c6a3ea5d246badcc9e3dab299ff7b0892c91b_edd.jpg]
[ouiwillportfolio.cdn.prismic.io/ouiwillportfolio/54d3614bc655126680b4e468d4148121424eafad_3.jpg]
[ouiwillportfolio.cdn.prismic.io/ouiwillportfolio/af5161412a79ca2481eaa67f579866b64f08b728_3.jpg]
[ouiwillportfolio.cdn.prismic.io/ouiwillportfolio/2e95aceaf5c4180e640810f1b0cff0166b4d39fd_4.jpg]
[ouiwillportfolio.cdn.prismic.io/ouiwillportfolio/f8eec624ca93e6e3fd8064af1c1a61fddf897ade_4.jpg]
[ouiwillportfolio.cdn.prismic.io/ouiwillportfolio/ada35e64dc84dbe08ffbe4238a88e3868ec4098a_08---search.jpg]
[ouiwillportfolio.cdn.prismic.io/ouiwillportfolio/cbacc94f1f56e8865372b3f6c6ce4d7136cdecd3_08---search.jpg]
[ouiwillportfolio.cdn.prismic.io/ouiwillportfolio/fcab909707c0ee1280fdf5930d0aee718faff152_09---search-results-example.jpg]
[ouiwillportfolio.cdn.prismic.io/ouiwillportfolio/befd07dbe2dd585e63f7d850d62b0c4ecbad5237_09---search-results-example.jpg]
[ouiwillportfolio.cdn.prismic.io/ouiwillportfolio/cd4599f42bfa1ec911605b5da1aeef30b1b7be65_eff.jpg]
[ouiwillportfolio.cdn.prismic.io/ouiwillportfolio/a7afea429f3c1aff7889084894c8c619d9e986a9_eff.jpg]
[ouiwillportfolio.cdn.prismic.io/ouiwillportfolio/4dd8a0913392c1d74f4b42157fd1d7010a09baf3_video.jpg]
[ouiwillportfolio.cdn.prismic.io/ouiwillportfolio/d86e779ab07d915e667365c256f6adbbd6151444_video.jpg]
[ouiwillportfolio.cdn.prismic.io/ouiwillportfolio/d588424bd6b4c0777e3cd8e47cb338d599e841d0_fre.jpg]
[ouiwillportfolio.cdn.prismic.io/ouiwillportfolio/b5e04bccde1d870fae7c50a259ee8f15ba181d55_fre.jpg]
[www.ouiwill.com/work/scrpt/index.html]
[ouiwillportfolio.cdn.prismic.io/ouiwillportfolio/a248cb56e4609027d2f5e03d7481d2898a230a74_clarity_11.jpg]
[ouiwillportfolio.cdn.prismic.io/ouiwillportfolio/f970afeab2f8f791c9ec4cefa2f10c0847badcae_clarity_11.jpg]
[ouiwillportfolio.cdn.prismic.io/ouiwillportfolio/bf522f385f8de30c85dbebdddfbe480258f3503c_img.jpg]
[ouiwillportfolio.cdn.prismic.io/ouiwillportfolio/aeb51da1c25aaa0d4c6307a58de04d967979b7ff_img.jpg]
[ouiwillportfolio.cdn.prismic.io/ouiwillportfolio/0eeac1da28ffed093d1e63f2a17c4f81f47284df_ipad.png]
[ouiwillportfolio.cdn.prismic.io/ouiwillportfolio/300c1c9b97037b815f475358be1584c1a93e0854_img2.jpg]
[ouiwillportfolio.cdn.prismic.io/ouiwillportfolio/9dd9d19363bc02358f49288b8eac0aa48d6d545c_img2.jpg]
[ouiwillportfolio.cdn.prismic.io/ouiwillportfolio/6128b5ed42bd9aafa667e97d3806d8605f69aad6_00clarity_loader.jpg]
[ouiwillportfolio.cdn.prismic.io/ouiwillportfolio/35589176c829bb9819359097e325b94aa58be444_00clarity_loader.jpg]
[ouiwillportfolio.cdn.prismic.io/ouiwillportfolio/2e711cf71efa11a1b61274548bbe2ffee10996c1_1.jpg]
[ouiwillportfolio.cdn.prismic.io/ouiwillportfolio/0803fe7531c8d0bc70abe226219bca954df6d9a0_1.jpg]
[ouiwillportfolio.cdn.prismic.io/ouiwillportfolio/5544f896f04c768a4dd7e5b5a336a6f4fb39fe25_2.jpg]
[ouiwillportfolio.cdn.prismic.io/ouiwillportfolio/b6ca95fdcdf95708c8dc46a4e1b70e9c40bdc383_2.jpg]
[ouiwillportfolio.cdn.prismic.io/ouiwillportfolio/db261b6e00dd6171cca9b64c190b3a30bcce0f1a_3.jpg]
[ouiwillportfolio.cdn.prismic.io/ouiwillportfolio/790edde9b1301bc436aac5576b51da6c4e06f5e6_3.jpg]
[ouiwillportfolio.cdn.prismic.io/ouiwillportfolio/824a70c12d6434e5932d95d74464ca60bbd11ecc_4.jpg]
[ouiwillportfolio.cdn.prismic.io/ouiwillportfolio/753cdc88fc65473a11381cc580816c044055d213_4.jpg]
[ouiwillportfolio.cdn.prismic.io/ouiwillportfolio/ac71820cd9751ad03eabebf9c6996c999654424b_7.jpg]
[ouiwillportfolio.cdn.prismic.io/ouiwillportfolio/9bae8eb552aeca3807b8b67f37e4efbece8d9fd3_7.jpg]
[ouiwillportfolio.cdn.prismic.io/ouiwillportfolio/53bb6f22542f0c2972423d3fb3e2aa8b944f6aed_03clarity_solution.jpg]
[ouiwillportfolio.cdn.prismic.io/ouiwillportfolio/aefc5ce7cb3ed94036be409c5ed3863ed1ba2f01_03clarity_solution.jpg]
[ouiwillportfolio.cdn.prismic.io/ouiwillportfolio/4e153a587b9b856491af32d7e24374a19ae81a82_05clarity_about.jpg]
[ouiwillportfolio.cdn.prismic.io/ouiwillportfolio/a11fcf134b47ff2a7391cf743f2ccdfe630615e7_05clarity_about.jpg]
[ouiwillportfolio.cdn.prismic.io/ouiwillportfolio/97317e924ca3cbca6eb52412fa2ef3b7e859f466_img3.jpg]
[ouiwillportfolio.cdn.prismic.io/ouiwillportfolio/3f26dd16f0affdfc005b77bff02345ad7a25a49c_img3.jpg]
[ouiwillportfolio.cdn.prismic.io/ouiwillportfolio/8b5dfb474d5f090c6e525d1c684f8730ca7fd45c_vfr.jpg]
[ouiwillportfolio.cdn.prismic.io/ouiwillportfolio/e51cbbc460eab325859c80f457e49a02202dbe06_vfr.jpg]
[ouiwillportfolio.cdn.prismic.io/ouiwillportfolio/25bcde67008717aeee73bdddd0474bda5700c0c1_vid.jpg]
[ouiwillportfolio.cdn.prismic.io/ouiwillportfolio/b687690b99a4aa056abba9a5144c9e5f759581ea_vid.jpg]
[ouiwillportfolio.cdn.prismic.io/ouiwillportfolio/c3ddbee232b85af76b26d8832eeb797e318da6bf_de.jpg]
[ouiwillportfolio.cdn.prismic.io/ouiwillportfolio/ed632cd668bb5f1da681dfd7c3c26aca5991ce4f_de.jpg]
[ouiwillportfolio.cdn.prismic.io/ouiwillportfolio/b846361c9062a19f68a621c9d73c0b8e0ad49070_b_main.jpg]
[ouiwillportfolio.cdn.prismic.io/ouiwillportfolio/90f422751e23eeb931904116a458dbb2e326acb1_b_main.jpg]
[www.ouiwill.com/work/clarity/index.html]
[ouiwillportfolio.cdn.prismic.io/ouiwillportfolio/4f7b0b9ce4054f2f31b7dd66b54113cfb6f610ff_cover_2.jpg]
[ouiwillportfolio.cdn.prismic.io/ouiwillportfolio/36fd2835940df57189008c19e3729632d39af376_cover_2.jpg]
[ouiwillportfolio.cdn.prismic.io/ouiwillportfolio/f230d01e75e935ec85a17335a64c9d87330953c0_sdsd.jpg]
[ouiwillportfolio.cdn.prismic.io/ouiwillportfolio/ca715b1f10f623f5381564901d2dc65642b52d72_sdsd.jpg]
[ouiwillportfolio.cdn.prismic.io/ouiwillportfolio/75cbeea692372c2df1e37371ec46815c0bb6ee51_fffg.png]
[ouiwillportfolio.cdn.prismic.io/ouiwillportfolio/68bf2a8e6f8ee5ebbb6e653048b971961877ac97_12b.jpg]
[ouiwillportfolio.cdn.prismic.io/ouiwillportfolio/d36be2740272f7de7ee8336373c6fb344bf9bcc3_12b.jpg]
[ouiwillportfolio.cdn.prismic.io/ouiwillportfolio/c7456b9e346a2a1b502a1dd8082f2b36c6266d56_brontide_2.jpg]
[ouiwillportfolio.cdn.prismic.io/ouiwillportfolio/1893f590169b79a57ee355e3c672da97951db4a1_brontide_2.jpg]
[ouiwillportfolio.cdn.prismic.io/ouiwillportfolio/a3f6d539e74ccec23e0e148e2933b9994045e304_del.jpg]
[ouiwillportfolio.cdn.prismic.io/ouiwillportfolio/7b9bdf0c92fbe0769fcff0f04030c8bf75974da2_product-page___.jpg]
[ouiwillportfolio.cdn.prismic.io/ouiwillportfolio/c0b2f4663d5f99aa585bf8a1139cdf1fdd045036_product-page___.jpg]
[ouiwillportfolio.cdn.prismic.io/ouiwillportfolio/501d74a62e6a2e5958f15308501ff20a9b9e45b1_dddd.jpg]
[ouiwillportfolio.cdn.prismic.io/ouiwillportfolio/703eaab21828b4142daa77ffecc1cb1488d66522_dddd.jpg]
[ouiwillportfolio.cdn.prismic.io/ouiwillportfolio/ccfa8d2f4beef92809c0b03dfac876f64195d1b5_brontide.jpg]
[ouiwillportfolio.cdn.prismic.io/ouiwillportfolio/6140b0ee571bdd1918c9153e21f2022c6156aaae_brontide.jpg]
[ouiwillportfolio.cdn.prismic.io/ouiwillportfolio/c64861933fc98315b882c55130495e1e54dbe343_ft.jpg]
[ouiwillportfolio.cdn.prismic.io/ouiwillportfolio/19c6ea027382b34663d47b8fb553600cca1f1067_ft.jpg]
[www.ouiwill.com/work/brontide/index.html]
[www.ouiwill.com/about/news/the-meaning-behind-disrupt--an-fwa-insights-feature.html]
[www.ouiwill.com/about/news/celebrating-rivians-debut-at-the-la-auto-show.html]
[www.ouiwill.com/about/news/amaio-wins-two-webby-awards-in-2018.html]
[www.ouiwill.com/about/news/collaborating-with-an-arican-american-women-led-tech-startup.html]
[www.ouiwill.com/incubation/news/the-meaning-behind-disrupt--an-fwa-insights-feature.html]
[www.ouiwill.com/incubation/news/celebrating-rivians-debut-at-the-la-auto-show.html]
[www.ouiwill.com/incubation/news/amaio-wins-two-webby-awards-in-2018.html]
[www.ouiwill.com/incubation/news/collaborating-with-an-arican-american-women-led-tech-startup.html]
[www.ouiwill.com/careers/digital-designer/index.html]
[www.ouiwill.com/_nuxt/20009261bbddcbb402e2.js]
